// Jest Snapshot v1, https://goo.gl/fbAQLP

exports[`App renders 1`] = `
<DocumentFragment>
  <div
    class="MuiBox-root css-1ftmrw2"
  >
    <div
      class="MuiBox-root css-8atqhb"
    >
      <div
        class="MuiBox-root css-l10m55"
      >
        <div
          class="MuiBox-root css-175rvmj"
        >
          <a
            href="/"
          >
            <div
              class="MuiAvatar-root MuiAvatar-square css-56sua1-MuiAvatar-root"
            >
              <img
                alt="Starship"
                class="MuiAvatar-img css-1pqm26d-MuiAvatar-img"
                src="/assets/home_logo.png"
              />
            </div>
          </a>
        </div>
        <div
          class="makeStyles-container-1 MuiBox-root css-vq34d8"
        >
          <a
            class="button muted-button"
            href="/favorites"
            style="text-decoration: none;"
          >
            <button
              class="MuiButton-root MuiButton-text MuiButton-textPrimary MuiButton-sizeMedium MuiButton-textSizeMedium MuiButtonBase-root makeStyles-sidebarButton-3 css-ii4oqr-MuiButtonBase-root-MuiButton-root"
              tabindex="0"
              type="button"
            >
              View favorites
              <span
                class="MuiTouchRipple-root css-8je8zh-MuiTouchRipple-root"
              />
            </button>
          </a>
        </div>
        <div
          class="makeStyles-main-2 MuiBox-root css-1xkyxdb"
        >
          <div
            class="MuiBox-root css-uj0oyz"
          >
            <p
              class="MuiTypography-root MuiTypography-body1 css-1ylcvda-MuiTypography-root"
            >
              Starship List
            </p>
          </div>
          <div
            class="MuiGrid-root MuiGrid-container MuiGrid-spacing-xs-undefined MuiBox-root css-1vtca5r-MuiGrid-root"
          >
            <div
              class="MuiGrid-root MuiGrid-item MuiGrid-grid-xs-12 MuiGrid-grid-sm-6 MuiBox-root css-es3gb9-MuiGrid-root"
            >
              <span
                class="MuiSkeleton-root MuiSkeleton-rectangular MuiSkeleton-pulse MuiSkeleton-withChildren MuiSkeleton-heightAuto css-112ph30-MuiSkeleton-root"
                style="width: 100%;"
              >
                <div
                  style="padding-top: 57%;"
                />
              </span>
            </div>
            <div
              class="MuiGrid-root MuiGrid-item MuiGrid-grid-xs-12 MuiGrid-grid-sm-6 MuiBox-root css-es3gb9-MuiGrid-root"
            >
              <span
                class="MuiSkeleton-root MuiSkeleton-rectangular MuiSkeleton-pulse MuiSkeleton-withChildren MuiSkeleton-heightAuto css-112ph30-MuiSkeleton-root"
                style="width: 100%;"
              >
                <div
                  style="padding-top: 57%;"
                />
              </span>
            </div>
            <div
              class="MuiGrid-root MuiGrid-item MuiGrid-grid-xs-12 MuiGrid-grid-sm-6 MuiBox-root css-es3gb9-MuiGrid-root"
            >
              <span
                class="MuiSkeleton-root MuiSkeleton-rectangular MuiSkeleton-pulse MuiSkeleton-withChildren MuiSkeleton-heightAuto css-112ph30-MuiSkeleton-root"
                style="width: 100%;"
              >
                <div
                  style="padding-top: 57%;"
                />
              </span>
            </div>
            <div
              class="MuiGrid-root MuiGrid-item MuiGrid-grid-xs-12 MuiGrid-grid-sm-6 MuiBox-root css-es3gb9-MuiGrid-root"
            >
              <span
                class="MuiSkeleton-root MuiSkeleton-rectangular MuiSkeleton-pulse MuiSkeleton-withChildren MuiSkeleton-heightAuto css-112ph30-MuiSkeleton-root"
                style="width: 100%;"
              >
                <div
                  style="padding-top: 57%;"
                />
              </span>
            </div>
            <div
              class="MuiGrid-root MuiGrid-item MuiGrid-grid-xs-12 MuiGrid-grid-sm-6 MuiBox-root css-es3gb9-MuiGrid-root"
            >
              <span
                class="MuiSkeleton-root MuiSkeleton-rectangular MuiSkeleton-pulse MuiSkeleton-withChildren MuiSkeleton-heightAuto css-112ph30-MuiSkeleton-root"
                style="width: 100%;"
              >
                <div
                  style="padding-top: 57%;"
                />
              </span>
            </div>
            <div
              class="MuiGrid-root MuiGrid-item MuiGrid-grid-xs-12 MuiGrid-grid-sm-6 MuiBox-root css-es3gb9-MuiGrid-root"
            >
              <span
                class="MuiSkeleton-root MuiSkeleton-rectangular MuiSkeleton-pulse MuiSkeleton-withChildren MuiSkeleton-heightAuto css-112ph30-MuiSkeleton-root"
                style="width: 100%;"
              >
                <div
                  style="padding-top: 57%;"
                />
              </span>
            </div>
            <div
              class="MuiGrid-root MuiGrid-item MuiGrid-grid-xs-12 MuiGrid-grid-sm-6 MuiBox-root css-es3gb9-MuiGrid-root"
            >
              <span
                class="MuiSkeleton-root MuiSkeleton-rectangular MuiSkeleton-pulse MuiSkeleton-withChildren MuiSkeleton-heightAuto css-112ph30-MuiSkeleton-root"
                style="width: 100%;"
              >
                <div
                  style="padding-top: 57%;"
                />
              </span>
            </div>
            <div
              class="MuiGrid-root MuiGrid-item MuiGrid-grid-xs-12 MuiGrid-grid-sm-6 MuiBox-root css-es3gb9-MuiGrid-root"
            >
              <span
                class="MuiSkeleton-root MuiSkeleton-rectangular MuiSkeleton-pulse MuiSkeleton-withChildren MuiSkeleton-heightAuto css-112ph30-MuiSkeleton-root"
                style="width: 100%;"
              >
                <div
                  style="padding-top: 57%;"
                />
              </span>
            </div>
            <div
              class="MuiGrid-root MuiGrid-item MuiGrid-grid-xs-12 MuiGrid-grid-sm-6 MuiBox-root css-es3gb9-MuiGrid-root"
            >
              <span
                class="MuiSkeleton-root MuiSkeleton-rectangular MuiSkeleton-pulse MuiSkeleton-withChildren MuiSkeleton-heightAuto css-112ph30-MuiSkeleton-root"
                style="width: 100%;"
              >
                <div
                  style="padding-top: 57%;"
                />
              </span>
            </div>
            <div
              class="MuiGrid-root MuiGrid-item MuiGrid-grid-xs-12 MuiGrid-grid-sm-6 MuiBox-root css-es3gb9-MuiGrid-root"
            >
              <span
                class="MuiSkeleton-root MuiSkeleton-rectangular MuiSkeleton-pulse MuiSkeleton-withChildren MuiSkeleton-heightAuto css-112ph30-MuiSkeleton-root"
                style="width: 100%;"
              >
                <div
                  style="padding-top: 57%;"
                />
              </span>
            </div>
          </div>
        </div>
        <div
          class="makeStyles-container-1 MuiBox-root css-1icjmr2"
        />
      </div>
    </div>
  </div>
</DocumentFragment>
`;
