// Jest Snapshot v1, https://goo.gl/fbAQLP

exports[`FavoritesPage renders 1`] = `
<div
  className="MuiBox-root css-8atqhb"
>
  <div
    className="MuiBox-root css-l10m55"
  >
    <div
      className="MuiBox-root css-175rvmj"
    >
      <a
        href="/"
        onClick={[Function]}
      >
        <div
          className="MuiAvatar-root MuiAvatar-square css-ivlicw-MuiAvatar-root"
        >
          <img
            alt="Starship"
            className="MuiAvatar-img css-1pqm26d-MuiAvatar-img"
            src="/assets/home_logo.png"
          />
        </div>
      </a>
    </div>
    <div
      className="makeStyles-container-1 MuiBox-root css-vq34d8"
    />
    <div
      className="makeStyles-main-2 MuiBox-root css-1xkyxdb"
    >
      <div
        className="MuiBox-root css-uj0oyz"
      >
        <p
          className="MuiTypography-root MuiTypography-body1 css-15ixj63-MuiTypography-root"
        >
          Favorites
        </p>
      </div>
      <div
        className="MuiGrid-root MuiGrid-container MuiGrid-spacing-xs-undefined MuiBox-root css-1vtca5r-MuiGrid-root"
      >
        <div
          className="MuiGrid-root MuiGrid-item MuiGrid-grid-xs-12 MuiGrid-grid-sm-6 MuiBox-root css-es3gb9-MuiGrid-root"
        >
          <p
            className="MuiTypography-root MuiTypography-body1 css-ahj2mt-MuiTypography-root"
          >
            You have no favorites.
          </p>
        </div>
      </div>
    </div>
    <div
      className="makeStyles-container-1 MuiBox-root css-1icjmr2"
    />
  </div>
</div>
`;
