// Jest Snapshot v1, https://goo.gl/fbAQLP

exports[`Pagination renders 1`] = `
<DocumentFragment>
  <button
    class="MuiButton-root MuiButton-text MuiButton-textSecondary MuiButton-sizeMedium MuiButton-textSizeMedium MuiButtonBase-root Mui-disabled makeStyles-paginationButton-1 css-1oaij1c-MuiButtonBase-root-MuiButton-root"
    disabled=""
    tabindex="-1"
    type="button"
  >
    Previous page
  </button>
  <button
    class="MuiButton-root MuiButton-text MuiButton-textSecondary MuiButton-sizeMedium MuiButton-textSizeMedium MuiButtonBase-root Mui-disabled makeStyles-paginationButton-1 css-1oaij1c-MuiButtonBase-root-MuiButton-root"
    disabled=""
    tabindex="-1"
    type="button"
  >
    Next page
  </button>
</DocumentFragment>
`;
